// Jest Snapshot v1, https://goo.gl/fbAQLP

exports[`List renders the UI as expected 1`] = `
<section
  className="List"
>
  <header
    className="List-header"
  >
    <h2>
      foo
    </h2>
  </header>
</section>
`;

exports[`renders the UI as expected 1`] = `
<section
  className="List"
>
  <header
    className="List-header"
  >
    <h2>
      foo
    </h2>
  </header>
</section>
`;
